###############################################################################
#
# IAR ELF Linker V8.10.1.12857/W32 for ARM                24/Nov/2019  15:32:38
# Copyright 2007-2017 IAR Systems AB.
#
#    Output file  =  
#        C:\Github\EiE\firmware_ascii\iar_8_10_1\Debug\Exe\eie_ascii-01.out
#    Map file     =  
#        C:\Github\EiE\firmware_ascii\iar_8_10_1\Debug\List\eie_ascii-01.map
#    Command line =  
#        -f C:\Users\JoeyD\AppData\Local\Temp\EW5563.tmp
#        (C:\Github\EiE\firmware_ascii\iar_8_10_1\Debug\Obj\adc12.o
#        C:\Github\EiE\firmware_ascii\iar_8_10_1\Debug\Obj\ant.o
#        C:\Github\EiE\firmware_ascii\iar_8_10_1\Debug\Obj\ant_api.o
#        C:\Github\EiE\firmware_ascii\iar_8_10_1\Debug\Obj\board_cstartup_iar.o
#        C:\Github\EiE\firmware_ascii\iar_8_10_1\Debug\Obj\buttons.o
#        C:\Github\EiE\firmware_ascii\iar_8_10_1\Debug\Obj\debug.o
#        C:\Github\EiE\firmware_ascii\iar_8_10_1\Debug\Obj\eief1-pcb-01.o
#        C:\Github\EiE\firmware_ascii\iar_8_10_1\Debug\Obj\exceptions.o
#        C:\Github\EiE\firmware_ascii\iar_8_10_1\Debug\Obj\interrupts.o
#        C:\Github\EiE\firmware_ascii\iar_8_10_1\Debug\Obj\kill_x_cycles.o
#        C:\Github\EiE\firmware_ascii\iar_8_10_1\Debug\Obj\lcd_nhd-c0220biz.o
#        C:\Github\EiE\firmware_ascii\iar_8_10_1\Debug\Obj\leds.o
#        C:\Github\EiE\firmware_ascii\iar_8_10_1\Debug\Obj\main.o
#        C:\Github\EiE\firmware_ascii\iar_8_10_1\Debug\Obj\messaging.o
#        C:\Github\EiE\firmware_ascii\iar_8_10_1\Debug\Obj\sam3u_i2c.o
#        C:\Github\EiE\firmware_ascii\iar_8_10_1\Debug\Obj\sam3u_spi.o
#        C:\Github\EiE\firmware_ascii\iar_8_10_1\Debug\Obj\sam3u_ssp.o
#        C:\Github\EiE\firmware_ascii\iar_8_10_1\Debug\Obj\sam3u_uart.o
#        C:\Github\EiE\firmware_ascii\iar_8_10_1\Debug\Obj\timer.o
#        C:\Github\EiE\firmware_ascii\iar_8_10_1\Debug\Obj\user_app1.o
#        C:\Github\EiE\firmware_ascii\iar_8_10_1\Debug\Obj\user_app2.o
#        C:\Github\EiE\firmware_ascii\iar_8_10_1\Debug\Obj\user_app3.o
#        C:\Github\EiE\firmware_ascii\iar_8_10_1\Debug\Obj\utilities.o
#        --redirect _Printf=_PrintfTiny --redirect _Scanf=_ScanfSmallNoMb -o
#        C:\Github\EiE\firmware_ascii\iar_8_10_1\Debug\Exe\eie_ascii-01.out
#        --map
#        C:\Github\EiE\firmware_ascii\iar_8_10_1\Debug\List\eie_ascii-01.map
#        --log initialization,modules,sections --log_file
#        C:\Github\EiE\firmware_ascii\iar_8_10_1\Debug\List\eie_ascii-01.log
#        --config
#        C:\Github\EiE\firmware_ascii\iar_8_10_1l\..\..\firmware_common\bsp\sam3u2-flash.icf
#        --semihosting --entry __iar_program_start --vfe --text_out locale)
#
###############################################################################

*******************************************************************************
*** RUNTIME MODEL ATTRIBUTES
***

CppFlavor       = *
__Heap_Handler  = Basic
__SystemLibrary = DLib
__dlib_version  = 6


*******************************************************************************
*** HEAP SELECTION
***

The basic heap was selected because some modules are built with
size limitations (and not runtime checking), and --advanced_heap
was not specified.


*******************************************************************************
*** PLACEMENT SUMMARY
***

"A0":  place at 0x00080000 { ro section .intvec };
"P1":  place in [from 0x00080000 to 0x0009ffff] { ro };
"P2":  place in [from 0x20000000 to 0x20003fff] { rw, block CSTACK };
"P3":  place in [from 0x20080000 to 0x20083fff] { block HEAP };
initialize by copy { rw };

  Section            Kind        Address    Size  Object
  -------            ----        -------    ----  ------
"A0":                                       0xbc
  .intvec                     0x00080000    0xbc  <Block>
    .intvec          const    0x00080000    0xbc  board_cstartup_iar.o [1]
                            - 0x000800bc    0xbc

"P1":                                     0x546a
  .text              ro code  0x000800bc  0x1172  ant.o [1]
  .text              ro code  0x0008122e    0x7a  lz77_init_single.o [4]
  .text              ro code  0x000812a8   0x7b4  debug.o [1]
  .text              ro code  0x00081a5c   0xa78  sam3u_ssp.o [1]
  .text              ro code  0x000824d4    0xa6  ABImemcpy.o [4]
  .rodata            const    0x0008257a     0x2  debug.o [1]
  .text              ro code  0x0008257c    0x64  utilities.o [1]
  .text              ro code  0x000825e0   0x124  heap0.o [3]
  .text              ro code  0x00082704     0x4  heaptramp0.o [3]
  .text              ro code  0x00082708   0x344  messaging.o [1]
  .text              ro code  0x00082a4c   0x53c  sam3u_uart.o [1]
  .text              ro code  0x00082f88   0x37c  leds.o [1]
  .text              ro code  0x00083304    0x66  ABImemset.o [4]
  .text              ro code  0x0008336a     0x2  exceptions.o [1]
  .text              ro code  0x0008336c    0x2c  xgetmemchunk.o [3]
  .text              ro code  0x00083398   0x6dc  sam3u_i2c.o [1]
  .text              ro code  0x00083a74   0x3c4  eief1-pcb-01.o [1]
  .text              ro code  0x00083e38   0x35c  buttons.o [1]
  .text              ro code  0x00084194   0x28c  sam3u_spi.o [1]
  .text              ro code  0x00084420   0x188  user_app1.o [1]
  .text              ro code  0x000845a8   0x166  lcd_nhd-c0220biz.o [1]
  .text              ro code  0x0008470e     0x2  exceptions.o [1]
  .text              ro code  0x00084710   0x168  interrupts.o [1]
  .text              ro code  0x00084878   0x15a  adc12.o [1]
  .text              ro code  0x000849d2     0x2  exceptions.o [1]
  .text              ro code  0x000849d4    0xf6  timer.o [1]
  .text              ro code  0x00084aca     0x2  exceptions.o [1]
  .text              ro code  0x00084acc    0xec  main.o [1]
  .text              ro code  0x00084bb8    0x42  ant_api.o [1]
  .text              ro code  0x00084bfa     0x2  exceptions.o [1]
  .text              ro code  0x00084bfc    0x1a  user_app2.o [1]
  .text              ro code  0x00084c16     0x2  exceptions.o [1]
  .text              ro code  0x00084c18    0x1a  user_app3.o [1]
  .text              ro code  0x00084c32     0x2  exceptions.o [1]
  .rodata            const    0x00084c34    0x58  eief1-pcb-01.o [1]
  .rodata            const    0x00084c8c    0x48  debug.o [1]
  .rodata            const    0x00084cd4    0x48  main.o [1]
  .text              ro code  0x00084d1c    0x40  zero_init3.o [4]
  .rodata            const    0x00084d5c    0x2c  ant.o [1]
  .text              ro code  0x00084d88    0x28  data_init.o [4]
  .rodata            const    0x00084db0    0x24  ant.o [1]
  .rodata            const    0x00084dd4    0x24  ant.o [1]
  .rodata            const    0x00084df8    0x24  debug.o [1]
  .rodata            const    0x00084e1c    0x24  debug.o [1]
  .rodata            const    0x00084e40    0x24  debug.o [1]
  .rodata            const    0x00084e64    0x24  debug.o [1]
  .rodata            const    0x00084e88    0x24  debug.o [1]
  .rodata            const    0x00084eac    0x24  debug.o [1]
  .rodata            const    0x00084ed0    0x24  debug.o [1]
  .rodata            const    0x00084ef4    0x24  debug.o [1]
  .rodata            const    0x00084f18    0x24  debug.o [1]
  .rodata            const    0x00084f3c    0x24  sam3u_i2c.o [1]
  .rodata            const    0x00084f60    0x24  sam3u_i2c.o [1]
  .rodata            const    0x00084f84    0x24  user_app1.o [1]
  .iar.init_table    const    0x00084fa8    0x20  - Linker created -
  .rodata            const    0x00084fc8    0x20  ant.o [1]
  .rodata            const    0x00084fe8    0x20  ant.o [1]
  .rodata            const    0x00085008    0x20  eief1-pcb-01.o [1]
  .rodata            const    0x00085028    0x20  eief1-pcb-01.o [1]
  .rodata            const    0x00085048    0x20  interrupts.o [1]
  .rodata            const    0x00085068    0x20  sam3u_i2c.o [1]
  .rodata            const    0x00085088    0x20  sam3u_uart.o [1]
  .rodata            const    0x000850a8    0x1c  adc12.o [1]
  .rodata            const    0x000850c4    0x1c  debug.o [1]
  .rodata            const    0x000850e0    0x1c  debug.o [1]
  .text              ro code  0x000850fc    0x1a  cmain.o [4]
  .text              ro code  0x00085116     0x2  exceptions.o [1]
  .text              ro code  0x00085118    0x14  board_cstartup_iar.o [1]
  .text              ro code  0x0008512c     0x4  exit.o [3]
  .text              ro code  0x00085130     0xa  cexit.o [4]
  .text              ro code  0x0008513a     0x2  exceptions.o [1]
  .text              ro code  0x0008513c    0x14  exit.o [5]
  .rodata            const    0x00085150    0x18  ant.o [1]
  .rodata            const    0x00085168    0x18  ant.o [1]
  .rodata            const    0x00085180    0x18  ant.o [1]
  .rodata            const    0x00085198    0x18  lcd_nhd-c0220biz.o [1]
  .rodata            const    0x000851b0    0x18  leds.o [1]
  .rodata            const    0x000851c8    0x18  sam3u_i2c.o [1]
  .rodata            const    0x000851e0    0x18  sam3u_spi.o [1]
  .rodata            const    0x000851f8    0x18  sam3u_ssp.o [1]
  .rodata            const    0x00085210    0x18  sam3u_ssp.o [1]
  .rodata            const    0x00085228    0x18  timer.o [1]
  .rodata            const    0x00085240    0x14  ant.o [1]
  .rodata            const    0x00085254    0x14  ant.o [1]
  .rodata            const    0x00085268    0x14  ant.o [1]
  .rodata            const    0x0008527c    0x14  ant.o [1]
  .rodata            const    0x00085290    0x14  ant.o [1]
  .rodata            const    0x000852a4    0x14  buttons.o [1]
  .rodata            const    0x000852b8    0x14  debug.o [1]
  .rodata            const    0x000852cc    0x10  ant.o [1]
  .rodata            const    0x000852dc    0x10  ant_api.o [1]
  .rodata            const    0x000852ec     0xc  ant.o [1]
  .rodata            const    0x000852f8     0xc  debug.o [1]
  .rodata            const    0x00085304     0xc  debug.o [1]
  .rodata            const    0x00085310     0xc  user_app1.o [1]
  .text              ro code  0x0008531c     0xc  cstartup_M.o [4]
  .rodata            const    0x00085328     0x8  lcd_nhd-c0220biz.o [1]
  .text              ro code  0x00085330     0x4  exceptions.o [1]
  .text              ro code  0x00085334     0x2  exceptions.o [1]
  .text              ro code  0x00085336     0x2  exceptions.o [1]
  .text              ro code  0x00085338     0x2  exceptions.o [1]
  .text              ro code  0x0008533a     0x2  exceptions.o [1]
  .text              ro code  0x0008533c     0x2  exceptions.o [1]
  .text              ro code  0x0008533e     0x2  exceptions.o [1]
  .text              ro code  0x00085340     0x2  exceptions.o [1]
  .text              ro code  0x00085342     0x2  exceptions.o [1]
  .text              ro code  0x00085344     0x2  exceptions.o [1]
  .text              ro code  0x00085346     0x2  exceptions.o [1]
  .text              ro code  0x00085348     0x2  exceptions.o [1]
  .text              ro code  0x0008534a     0x2  exceptions.o [1]
  .text              ro code  0x0008534c     0x2  exceptions.o [1]
  .text              ro code  0x0008534e     0x2  exceptions.o [1]
  .text              ro code  0x00085350     0x2  exceptions.o [1]
  .text              ro code  0x00085352     0x2  exceptions.o [1]
  .text              ro code  0x00085354     0x2  exceptions.o [1]
  .rodata            const    0x00085356     0x0  zero_init3.o [4]
  .rodata            const    0x00085356     0x0  lz77_init_single.o [4]
  Initializer bytes  const    0x00085356   0x1d0  <for P2-1>
                            - 0x00085526  0x546a

"P2", part 1 of 3:                         0x27c
  P2-1                        0x20000000   0x27c  <Init block>
    .data            inited   0x20000000     0x4  adc12.o [1]
    .data            inited   0x20000004     0x8  ant.o [1]
    .data            inited   0x2000000c     0x8  ant.o [1]
    .data            inited   0x20000014    0x18  ant.o [1]
    .data            inited   0x2000002c    0x28  ant.o [1]
    .data            inited   0x20000054    0x18  ant.o [1]
    .data            inited   0x2000006c    0x14  ant.o [1]
    .data            inited   0x20000080    0x18  ant.o [1]
    .data            inited   0x20000098    0x20  ant.o [1]
    .data            inited   0x200000b8    0x3c  ant.o [1]
    .data            inited   0x200000f4     0x8  ant.o [1]
    .data            inited   0x200000fc    0x10  ant.o [1]
    .data            inited   0x2000010c    0x50  ant.o [1]
    .data            inited   0x2000015c    0x40  debug.o [1]
    .data            inited   0x2000019c    0x38  debug.o [1]
    .data            inited   0x200001d4     0x4  debug.o [1]
    .data            inited   0x200001d8    0x20  debug.o [1]
    .data            inited   0x200001f8     0x8  debug.o [1]
    .data            inited   0x20000200    0x24  debug.o [1]
    .data            inited   0x20000224    0x18  debug.o [1]
    .data            inited   0x2000023c    0x2c  lcd_nhd-c0220biz.o [1]
    .data            inited   0x20000268     0x4  messaging.o [1]
    .data            inited   0x2000026c     0x8  utilities.o [1]
    .data            inited   0x20000274     0x8  utilities.o [1]
                            - 0x2000027c   0x27c

"P2", part 2 of 3:                        0x1000
  CSTACK                      0x20000280  0x1000  <Block>
    CSTACK           uninit   0x20000280  0x1000  <Block tail>
                            - 0x20001280  0x1000

"P2", part 3 of 3:                        0x1db0
  .bss               zero     0x20001280  0x1200  messaging.o [1]
  .bss               zero     0x20002480   0x300  messaging.o [1]
  .bss               zero     0x20002780   0x200  sam3u_i2c.o [1]
  .bss               zero     0x20002980   0x100  ant.o [1]
  .bss               zero     0x20002a80    0xa0  ant.o [1]
  .bss               zero     0x20002b20    0x80  debug.o [1]
  .bss               zero     0x20002ba0    0x80  debug.o [1]
  .bss               zero     0x20002c20    0x58  leds.o [1]
  .bss               zero     0x20002c78    0x40  debug.o [1]
  .bss               zero     0x20002cb8    0x40  debug.o [1]
  .bss               zero     0x20002cf8    0x38  sam3u_ssp.o [1]
  .bss               zero     0x20002d30    0x38  sam3u_ssp.o [1]
  .bss               zero     0x20002d68    0x38  sam3u_ssp.o [1]
  .bss               zero     0x20002da0    0x30  buttons.o [1]
  .bss               zero     0x20002dd0    0x2c  sam3u_spi.o [1]
  .bss               zero     0x20002dfc    0x24  ant.o [1]
  .bss               zero     0x20002e20    0x24  sam3u_uart.o [1]
  .bss               zero     0x20002e44    0x24  sam3u_uart.o [1]
  .bss               zero     0x20002e68    0x24  sam3u_uart.o [1]
  .bss               zero     0x20002e8c    0x24  sam3u_uart.o [1]
  .bss               zero     0x20002eb0    0x20  adc12.o [1]
  .bss               zero     0x20002ed0     0xc  ant.o [1]
  .bss               zero     0x20002edc     0xc  sam3u_i2c.o [1]
  .bss               zero     0x20002ee8     0x8  heap0.o [3]
  .bss               zero     0x20002ef0     0x4  adc12.o [1]
  .bss               zero     0x20002ef4     0x4  ant.o [1]
  .bss               zero     0x20002ef8     0x4  ant.o [1]
  .bss               zero     0x20002efc     0x4  ant.o [1]
  .bss               zero     0x20002f00     0x4  ant.o [1]
  .bss               zero     0x20002f04     0x4  ant.o [1]
  .bss               zero     0x20002f08     0x4  ant.o [1]
  .bss               zero     0x20002f0c     0x4  ant.o [1]
  .bss               zero     0x20002f10     0x4  ant.o [1]
  .bss               zero     0x20002f14     0x4  ant.o [1]
  .bss               zero     0x20002f18     0x4  ant.o [1]
  .bss               zero     0x20002f1c     0x4  ant.o [1]
  .bss               zero     0x20002f20     0x4  ant.o [1]
  .bss               zero     0x20002f24     0x4  ant.o [1]
  .bss               zero     0x20002f28     0x4  ant.o [1]
  .bss               zero     0x20002f2c     0x4  ant.o [1]
  .bss               zero     0x20002f30     0x4  ant.o [1]
  .bss               zero     0x20002f34     0x4  ant.o [1]
  .bss               zero     0x20002f38     0x4  ant.o [1]
  .bss               zero     0x20002f3c     0x4  ant.o [1]
  .bss               zero     0x20002f40     0x4  ant.o [1]
  .bss               zero     0x20002f44     0x4  ant_api.o [1]
  .bss               zero     0x20002f48     0x4  buttons.o [1]
  .bss               zero     0x20002f4c     0x4  debug.o [1]
  .bss               zero     0x20002f50     0x4  debug.o [1]
  .bss               zero     0x20002f54     0x4  debug.o [1]
  .bss               zero     0x20002f58     0x4  debug.o [1]
  .bss               zero     0x20002f5c     0x4  debug.o [1]
  .bss               zero     0x20002f60     0x4  debug.o [1]
  .bss               zero     0x20002f64     0x4  eief1-pcb-01.o [1]
  .bss               zero     0x20002f68     0x4  eief1-pcb-01.o [1]
  .bss               zero     0x20002f6c     0x4  lcd_nhd-c0220biz.o [1]
  .bss               zero     0x20002f70     0x4  lcd_nhd-c0220biz.o [1]
  .bss               zero     0x20002f74     0x4  leds.o [1]
  .bss               zero     0x20002f78     0x4  main.o [1]
  .bss               zero     0x20002f7c     0x4  main.o [1]
  .bss               zero     0x20002f80     0x4  main.o [1]
  .bss               zero     0x20002f84     0x4  main.o [1]
  .bss               zero     0x20002f88     0x4  messaging.o [1]
  .bss               zero     0x20002f8c     0x4  messaging.o [1]
  .bss               zero     0x20002f90     0x4  messaging.o [1]
  .bss               zero     0x20002f94     0x4  messaging.o [1]
  .bss               zero     0x20002f98     0x4  sam3u_i2c.o [1]
  .bss               zero     0x20002f9c     0x4  sam3u_i2c.o [1]
  .bss               zero     0x20002fa0     0x4  sam3u_i2c.o [1]
  .bss               zero     0x20002fa4     0x4  sam3u_i2c.o [1]
  .bss               zero     0x20002fa8     0x4  sam3u_i2c.o [1]
  .bss               zero     0x20002fac     0x4  sam3u_spi.o [1]
  .bss               zero     0x20002fb0     0x4  sam3u_spi.o [1]
  .bss               zero     0x20002fb4     0x4  sam3u_spi.o [1]
  .bss               zero     0x20002fb8     0x4  sam3u_ssp.o [1]
  .bss               zero     0x20002fbc     0x4  sam3u_ssp.o [1]
  .bss               zero     0x20002fc0     0x4  sam3u_ssp.o [1]
  .bss               zero     0x20002fc4     0x4  sam3u_ssp.o [1]
  .bss               zero     0x20002fc8     0x4  sam3u_ssp.o [1]
  .bss               zero     0x20002fcc     0x4  sam3u_ssp.o [1]
  .bss               zero     0x20002fd0     0x4  sam3u_ssp.o [1]
  .bss               zero     0x20002fd4     0x4  sam3u_ssp.o [1]
  .bss               zero     0x20002fd8     0x4  sam3u_ssp.o [1]
  .bss               zero     0x20002fdc     0x4  sam3u_ssp.o [1]
  .bss               zero     0x20002fe0     0x4  sam3u_ssp.o [1]
  .bss               zero     0x20002fe4     0x4  sam3u_ssp.o [1]
  .bss               zero     0x20002fe8     0x4  sam3u_uart.o [1]
  .bss               zero     0x20002fec     0x4  sam3u_uart.o [1]
  .bss               zero     0x20002ff0     0x4  sam3u_uart.o [1]
  .bss               zero     0x20002ff4     0x4  sam3u_uart.o [1]
  .bss               zero     0x20002ff8     0x4  sam3u_uart.o [1]
  .bss               zero     0x20002ffc     0x4  sam3u_uart.o [1]
  .bss               zero     0x20003000     0x4  timer.o [1]
  .bss               zero     0x20003004     0x4  timer.o [1]
  .bss               zero     0x20003008     0x4  timer.o [1]
  .bss               zero     0x2000300c     0x4  user_app1.o [1]
  .bss               zero     0x20003010     0x4  user_app2.o [1]
  .bss               zero     0x20003014     0x4  user_app3.o [1]
  .bss               zero     0x20003018     0x4  xgetmemchunk.o [3]
  .bss               zero     0x2000301c     0x2  debug.o [1]
  .bss               zero     0x2000301e     0x2  lcd_nhd-c0220biz.o [1]
  .bss               zero     0x20003020     0x1  adc12.o [1]
  .bss               zero     0x20003021     0x1  ant.o [1]
  .bss               zero     0x20003022     0x1  ant.o [1]
  .bss               zero     0x20003023     0x1  ant.o [1]
  .bss               zero     0x20003024     0x1  ant.o [1]
  .bss               zero     0x20003025     0x1  debug.o [1]
  .bss               zero     0x20003026     0x1  debug.o [1]
  .bss               zero     0x20003027     0x1  debug.o [1]
  .bss               zero     0x20003028     0x1  debug.o [1]
  .bss               zero     0x20003029     0x1  messaging.o [1]
  .bss               zero     0x2000302a     0x1  sam3u_i2c.o [1]
  .bss               zero     0x2000302b     0x1  sam3u_ssp.o [1]
  .bss               zero     0x2000302c     0x1  sam3u_uart.o [1]
  .bss               zero     0x2000302d     0x1  user_app1.o [1]
  .bss               zero     0x2000302e     0x1  user_app1.o [1]
                            - 0x2000302f  0x1daf

"P3":                                     0x4000
  HEAP                        0x20080000  0x4000  <Block>
    HEAP             uninit   0x20080000  0x4000  <Block tail>
                            - 0x20084000  0x4000


*******************************************************************************
*** INIT TABLE
***

          Address     Size
          -------     ----
Zero (__iar_zero_init3)
    1 destination range, total size 0x1daf:
          0x20001280  0x1daf

Copy/lz77 (__iar_lz77_init_single3)
    1 source range, total size 0x1d0 (72% of destination):
          0x00085356   0x1d0
    1 destination range, total size 0x27c:
          0x20000000   0x27c



*******************************************************************************
*** MODULE SUMMARY
***

    Module                ro code  ro data  rw data
    ------                -------  -------  -------
C:\Github\EiE\firmware_ascii\iar_8_10_1\Debug\Obj: [1]
    adc12.o                   346       30       41
    ant.o                   4 466      631      892
    ant_api.o                  66       16        4
    board_cstartup_iar.o       20      188
    buttons.o                 860       20       52
    debug.o                 1 972      662      638
    eief1-pcb-01.o            964      152        8
    exceptions.o               56
    interrupts.o              360       32
    lcd_nhd-c0220biz.o        358       64       54
    leds.o                    892       24       92
    main.o                    236       72       16
    messaging.o               836        3    5 397
    sam3u_i2c.o             1 756      128      545
    sam3u_spi.o               652       24       56
    sam3u_ssp.o             2 680       48      217
    sam3u_uart.o            1 340       32      169
    timer.o                   246       24       12
    user_app1.o               392       48        6
    user_app2.o                26                 4
    user_app3.o                26                 4
    utilities.o               100       11       16
    -----------------------------------------------
    Total:                 18 650    2 209    8 223

command line: [2]
    -----------------------------------------------
    Total:

dl7M_tln.a: [3]
    exit.o                      4
    heap0.o                   292                 8
    heaptramp0.o                4
    xgetmemchunk.o             44                 4
    -----------------------------------------------
    Total:                    344                12

rt7M_tl.a: [4]
    ABImemcpy.o               166
    ABImemset.o               102
    cexit.o                    10
    cmain.o                    26
    cstartup_M.o               12
    data_init.o                40
    lz77_init_single.o        122
    zero_init3.o               64
    -----------------------------------------------
    Total:                    542

shb_l.a: [5]
    exit.o                     20
    -----------------------------------------------
    Total:                     20

    Linker created                      33   20 480
---------------------------------------------------
    Grand Total:           19 556    2 242   28 715


*******************************************************************************
*** ENTRY LIST
***

Entry                      Address    Size  Type      Object
-----                      -------    ----  ----      ------
.iar.init_table$$Base   0x00084fa8           --   Gb  - Linker created -
.iar.init_table$$Limit  0x00084fc8           --   Gb  - Linker created -
.intvec$$Base           0x00080000           --   Gb  - Linker created -
.intvec$$Limit          0x000800bc           --   Gb  - Linker created -
?main                   0x000850fd          Code  Gb  cmain.o [4]
ADCC0_IrqHandler        0x00084925    0x5e  Code  Gb  adc12.o [1]
ADCC1_IrqHandler        0x00085351     0x2  Code  Wk  exceptions.o [1]
Adc12DefaultCallback    0x000849cd     0x2  Code  Gb  adc12.o [1]
Adc12Initialize         0x000848a5    0x76  Code  Gb  adc12.o [1]
Adc12RunActiveState     0x0008491b     0xa  Code  Gb  adc12.o [1]
Adc12SM_Idle            0x000849d1     0x2  Code  Lc  adc12.o [1]
Adc12_aeChannels        0x20000000     0x4  Data  Lc  adc12.o [1]
Adc12_apfCallbacks      0x20002eb0    0x20  Data  Lc  adc12.o [1]
Adc12_bAdcAvailable     0x20003020     0x1  Data  Lc  adc12.o [1]
Adc12_pfnStateMachine   0x20002ef0     0x4  Data  Lc  adc12.o [1]
AddNewMessageStatus     0x000829d1    0x34  Code  Lc  messaging.o [1]
AdvanceAntRxBufferCurrentChar
                        0x00080793    0x28  Code  Lc  ant.o [1]
AdvanceAntRxBufferUnreadMsgPointer
                        0x000807bb    0x28  Code  Lc  ant.o [1]
AdvanceTokenCounter     0x00081509    0x22  Code  Lc  debug.o [1]
Aldata                  0x20002ee8     0x8  Data  Lc  heap0.o [3]
AntAbortMessage         0x00080767    0x2c  Code  Lc  ant.o [1]
AntApiInitialize        0x00084bb9    0x24  Code  Gb  ant_api.o [1]
AntApiRunActiveState    0x00084bdd     0xa  Code  Gb  ant_api.o [1]
AntApiSM_FailedInit     0x00084bf9     0x2  Code  Lc  ant_api.o [1]
AntApiSM_Idle           0x00084be9     0x2  Code  Lc  ant_api.o [1]
AntApi_StateMachine     0x20002f44     0x4  Data  Lc  ant_api.o [1]
AntCalculateTxChecksum  0x000800bd    0x28  Code  Gb  ant.o [1]
AntDeQueueOutgoingMessage
                        0x00080f11    0x22  Code  Lc  ant.o [1]
AntExpectResponse       0x000807e3    0xd4  Code  Lc  ant.o [1]
AntInitialize           0x000800e5   0x24a  Code  Gb  ant.o [1]
AntParseExtendedData    0x00080c8d   0x110  Code  Lc  ant.o [1]
AntProcessMessage       0x000808cd   0x3a0  Code  Lc  ant.o [1]
AntQueueExtendedApplicationMessage
                        0x00080da5    0xda  Code  Lc  ant.o [1]
AntRunActiveState       0x0008032f     0xc  Code  Gb  ant.o [1]
AntRxFlowControlCallback
                        0x00080355    0x46  Code  Gb  ant.o [1]
AntRxMessage            0x00080521   0x246  Code  Lc  ant.o [1]
AntSM_Idle              0x00081059    0x96  Code  Lc  ant.o [1]
AntSM_Idle::au8AntFlagAlert
                        0x200000fc    0x10  Data  Lc  ant.o [1]
AntSM_Idle::au8AntFlagMessages
                        0x2000010c    0x50  Data  Lc  ant.o [1]
AntSM_NoResponse        0x0008122d     0x2  Code  Lc  ant.o [1]
AntSM_ReceiveMessage    0x000810f1    0x18  Code  Lc  ant.o [1]
AntSM_TransmitMessage   0x0008110d    0x78  Code  Lc  ant.o [1]
AntSrdyPulse            0x00081029    0x26  Code  Lc  ant.o [1]
AntSyncSerialInitialize
                        0x00080f69    0xbc  Code  Lc  ant.o [1]
AntTickExtended         0x00080e95    0x70  Code  Lc  ant.o [1]
AntTxFlowControlCallback
                        0x0008033d    0x16  Code  Gb  ant.o [1]
AntTxMessage            0x0008039b   0x186  Code  Lc  ant.o [1]
Ant_DebugProcessRxMessages
                        0x20002f40     0x4  Data  Lc  ant.o [1]
Ant_DebugRxMessageCounter
                        0x20002f38     0x4  Data  Lc  ant.o [1]
Ant_DebugTotalRxMessages
                        0x20002f3c     0x4  Data  Lc  ant.o [1]
Ant_Ssp                 0x20002f20     0x4  Data  Lc  ant.o [1]
Ant_au8AntRxBuffer      0x20002980   0x100  Data  Lc  ant.o [1]
Ant_pfnStateMachine     0x20002f00     0x4  Data  Lc  ant.o [1]
Ant_psOutgoingMsgList   0x20002f34     0x4  Data  Lc  ant.o [1]
Ant_pu8AntRxBufferCurrentChar
                        0x20002f28     0x4  Data  Lc  ant.o [1]
Ant_pu8AntRxBufferNextChar
                        0x20002f24     0x4  Data  Lc  ant.o [1]
Ant_pu8AntRxBufferUnreadMsg
                        0x20002f2c     0x4  Data  Lc  ant.o [1]
Ant_sSspConfig          0x20002dfc    0x24  Data  Lc  ant.o [1]
Ant_u32ApplicationMessageCount
                        0x20002f30     0x4  Data  Lc  ant.o [1]
Ant_u32CurrentTxMessageToken
                        0x20002f1c     0x4  Data  Lc  ant.o [1]
Ant_u32RxByteCounter    0x20002f10     0x4  Data  Lc  ant.o [1]
Ant_u32RxTimeoutCounter
                        0x20002f14     0x4  Data  Lc  ant.o [1]
Ant_u32RxTimer          0x20002f04     0x4  Data  Lc  ant.o [1]
Ant_u32TxByteCounter    0x20002f0c     0x4  Data  Lc  ant.o [1]
Ant_u32TxTimer          0x20002f08     0x4  Data  Lc  ant.o [1]
Ant_u32UnexpectedByteCounter
                        0x20002f18     0x4  Data  Lc  ant.o [1]
Ant_u8AntNewRxMessages  0x20003021     0x1  Data  Lc  ant.o [1]
Ant_u8AntVersion        0x20002ed0     0xc  Data  Lc  ant.o [1]
Ant_u8SlaveMissedMessageHigh
                        0x20003022     0x1  Data  Lc  ant.o [1]
Ant_u8SlaveMissedMessageLow
                        0x20003024     0x1  Data  Lc  ant.o [1]
Ant_u8SlaveMissedMessageMid
                        0x20003023     0x1  Data  Lc  ant.o [1]
Bsp_u32TimingViolationsCounter
                        0x20002f64     0x4  Data  Lc  eief1-pcb-01.o [1]
BusFault_Handler        0x0008470f     0x2  Code  Wk  exceptions.o [1]
ButtonAcknowledge       0x00083e87    0x12  Code  Gb  buttons.o [1]
ButtonInitialize        0x00083e99    0xba  Code  Gb  buttons.o [1]
ButtonPressed           0x00084421    0x5a  Code  Gb  user_app1.o [1]
ButtonRunActiveState    0x00083f53     0xa  Code  Gb  buttons.o [1]
ButtonSM_ButtonActive   0x00083fed   0x168  Code  Lc  buttons.o [1]
ButtonSM_Idle           0x00083fc5    0x28  Code  Lc  buttons.o [1]
ButtonStartDebounce     0x00083f5d    0x66  Code  Gb  buttons.o [1]
Button_asStatus         0x20002da0    0x30  Data  Lc  buttons.o [1]
Button_pfnStateMachine  0x20002f48     0x4  Data  Lc  buttons.o [1]
CSTACK$$Base            0x20000280           --   Gb  - Linker created -
CSTACK$$Limit           0x20001280           --   Gb  - Linker created -
ClockSetup              0x00083a7d    0x7a  Code  Gb  eief1-pcb-01.o [1]
DBGU_IrqHandler         0x00082d21    0x18  Code  Gb  sam3u_uart.o [1]
DeQueueMessage          0x0008295f    0x56  Code  Gb  messaging.o [1]
DebugCommandDummy       0x000815c9    0x1a  Code  Lc  debug.o [1]
DebugCommandLedTestToggle
                        0x000815e3    0x86  Code  Lc  debug.o [1]
DebugCommandPrepareList
                        0x0008152b    0x9e  Code  Lc  debug.o [1]
DebugCommandSysTimeToggle
                        0x000816d9    0x52  Code  Lc  debug.o [1]
DebugInitialize         0x00081403    0xce  Code  Gb  debug.o [1]
DebugLedTestCharacter   0x00081669    0x70  Code  Lc  debug.o [1]
DebugLineFeed           0x000812c9    0x1c  Code  Gb  debug.o [1]
DebugMon_Handler        0x00084bfb     0x2  Code  Wk  exceptions.o [1]
DebugPrintNumber        0x000812e5    0xb2  Code  Gb  debug.o [1]
DebugPrintf             0x000812a9    0x20  Code  Gb  debug.o [1]
DebugRunActiveState     0x000814d1     0xc  Code  Gb  debug.o [1]
DebugRxCallback         0x000814e1    0x28  Code  Gb  debug.o [1]
DebugSM_CheckCmd        0x000818c5    0xb2  Code  Lc  debug.o [1]
DebugSM_CheckCmd::au8CommandHeader
                        0x200001f8     0x8  Data  Lc  debug.o [1]
DebugSM_CheckCmd::au8InvalidCommand
                        0x20000200    0x24  Data  Lc  debug.o [1]
DebugSM_Error           0x00081991    0x34  Code  Lc  debug.o [1]
DebugSM_Error::au8DebugErrorMsg
                        0x20000224    0x18  Data  Lc  debug.o [1]
DebugSM_Idle            0x0008172d   0x198  Code  Lc  debug.o [1]
DebugSM_Idle::au8BackspaceSequence
                        0x200001d4     0x4  Data  Lc  debug.o [1]
DebugSM_Idle::au8CommandOverflow
                        0x200001d8    0x20  Data  Lc  debug.o [1]
DebugSM_ProcessCmd      0x00081979    0x18  Code  Lc  debug.o [1]
Debug_Uart              0x20002f54     0x4  Data  Lc  debug.o [1]
Debug_au32MsgTokens     0x20002c78    0x40  Data  Lc  debug.o [1]
Debug_au8CommandBuffer  0x20002cb8    0x40  Data  Lc  debug.o [1]
Debug_au8Commands       0x2000015c    0x40  Data  Gb  debug.o [1]
Debug_au8RxBuffer       0x20002ba0    0x80  Data  Lc  debug.o [1]
Debug_au8StartupMsg     0x2000019c    0x38  Data  Lc  debug.o [1]
Debug_pfnStateMachine   0x20002f50     0x4  Data  Lc  debug.o [1]
Debug_pu8CmdBufferNextChar
                        0x20002f60     0x4  Data  Lc  debug.o [1]
Debug_pu8RxBufferNextChar
                        0x20002f58     0x4  Data  Lc  debug.o [1]
Debug_pu8RxBufferParser
                        0x20002f5c     0x4  Data  Lc  debug.o [1]
Debug_u16CommandSize    0x2000301c     0x2  Data  Lc  debug.o [1]
Debug_u8Command         0x20003028     0x1  Data  Lc  debug.o [1]
Debug_u8ErrorCode       0x20003026     0x1  Data  Lc  debug.o [1]
Debug_u8TokenCounter    0x20003027     0x1  Data  Lc  debug.o [1]
EFC0_IrqHandler         0x0008533b     0x2  Code  Wk  exceptions.o [1]
EFC1_IrqHandler         0x0008533d     0x2  Code  Wk  exceptions.o [1]
G_aau8AppShortNames     0x00084cd4    0x48  Data  Gb  main.o [1]
G_asAntChannelConfiguration
                        0x20002a80    0xa0  Data  Gb  ant.o [1]
G_asBspButtonConfigurations
                        0x00085028    0x20  Data  Gb  eief1-pcb-01.o [1]
G_asBspLedConfigurations
                        0x00084c34    0x58  Data  Gb  eief1-pcb-01.o [1]
G_au8ANTGetVersion      0x200000f4     0x8  Data  Gb  ant.o [1]
G_au8AntMessageClose    0x20000054    0x18  Data  Gb  ant.o [1]
G_au8AntMessageFail     0x2000000c     0x8  Data  Gb  ant.o [1]
G_au8AntMessageInit     0x20000080    0x18  Data  Gb  ant.o [1]
G_au8AntMessageInitFail
                        0x20000098    0x20  Data  Gb  ant.o [1]
G_au8AntMessageNoAnt    0x200000b8    0x3c  Data  Gb  ant.o [1]
G_au8AntMessageOk       0x20000004     0x8  Data  Gb  ant.o [1]
G_au8AntMessageOpen     0x2000006c    0x14  Data  Gb  ant.o [1]
G_au8AntMessageUnassign
                        0x20000014    0x18  Data  Gb  ant.o [1]
G_au8AntMessageUnhandled
                        0x2000002c    0x28  Data  Gb  ant.o [1]
G_au8DebugScanfBuffer   0x20002b20    0x80  Data  Gb  debug.o [1]
G_au8UtilMessageOFF     0x20000274     0x8  Data  Gb  utilities.o [1]
G_au8UtilMessageON      0x2000026c     0x8  Data  Gb  utilities.o [1]
G_psAntApplicationMsgList
                        0x20002efc     0x4  Data  Gb  ant.o [1]
G_stAntMessageResponse  0x20002ef8     0x4  Data  Gb  ant.o [1]
G_u32AntFlags           0x20002ef4     0x4  Data  Gb  ant.o [1]
G_u32ApplicationFlags   0x20002f84     0x4  Data  Gb  main.o [1]
G_u32DebugFlags         0x20002f4c     0x4  Data  Gb  debug.o [1]
G_u32MessagingFlags     0x20002f88     0x4  Data  Gb  messaging.o [1]
G_u32Spi0ApplicationFlags
                        0x20002fac     0x4  Data  Gb  sam3u_spi.o [1]
G_u32Ssp0ApplicationFlags
                        0x20002fb8     0x4  Data  Gb  sam3u_ssp.o [1]
G_u32Ssp1ApplicationFlags
                        0x20002fbc     0x4  Data  Gb  sam3u_ssp.o [1]
G_u32Ssp2ApplicationFlags
                        0x20002fc0     0x4  Data  Gb  sam3u_ssp.o [1]
G_u32SystemFlags        0x20002f80     0x4  Data  Gb  main.o [1]
G_u32SystemTime1ms      0x20002f78     0x4  Data  Gb  main.o [1]
G_u32SystemTime1s       0x20002f7c     0x4  Data  Gb  main.o [1]
G_u8DebugScanfCharCount
                        0x20003025     0x1  Data  Gb  debug.o [1]
GpioSetup               0x00083af7    0xec  Code  Gb  eief1-pcb-01.o [1]
HDMA_IrqHandler         0x00085353     0x2  Code  Wk  exceptions.o [1]
HEAP$$Base              0x20080000           --   Gb  - Linker created -
HEAP$$Limit             0x20084000           --   Gb  - Linker created -
HSMC4_IrqHandler        0x0008533f     0x2  Code  Wk  exceptions.o [1]
HardFault_Handler       0x00084845    0x34  Code  Gb  interrupts.o [1]
HexToASCIICharLower     0x000825b5    0x28  Code  Gb  utilities.o [1]
InterruptSetup          0x0008473d    0x3c  Code  Gb  interrupts.o [1]
InterruptSetup::au32PriorityConfig
                        0x00085048    0x20  Data  Lc  interrupts.o [1]
IrqHandlerNotUsed       0x00085331     0x2  Code  Gb  exceptions.o [1]
IsTimeUp                0x0008257d    0x38  Code  Gb  utilities.o [1]
LcdCommand              0x000845a9    0x2a  Code  Gb  lcd_nhd-c0220biz.o [1]
LcdCommand::au8LCDWriteCommand
                        0x2000301e     0x2  Data  Lc  lcd_nhd-c0220biz.o [1]
LcdInitialize           0x0008460b    0xca  Code  Gb  lcd_nhd-c0220biz.o [1]
LcdMessage              0x000845d3    0x38  Code  Gb  lcd_nhd-c0220biz.o [1]
LcdMessage::au8LCDMessage
                        0x2000023c    0x2c  Data  Lc  lcd_nhd-c0220biz.o [1]
LcdRunActiveState       0x000846d5     0xa  Code  Gb  lcd_nhd-c0220biz.o [1]
LcdSM_Idle              0x0008470d     0x2  Code  Lc  lcd_nhd-c0220biz.o [1]
Lcd_pfnStateMachine     0x20002f6c     0x4  Data  Lc  lcd_nhd-c0220biz.o [1]
Lcd_u32Timer            0x20002f70     0x4  Data  Lc  lcd_nhd-c0220biz.o [1]
LedInitialize           0x00083081   0x10a  Code  Gb  leds.o [1]
LedOff                  0x00082fe1    0x4a  Code  Gb  leds.o [1]
LedOn                   0x00082f89    0x58  Code  Gb  leds.o [1]
LedPWM                  0x00083055    0x2c  Code  Gb  leds.o [1]
LedRunActiveState       0x0008318b     0xa  Code  Gb  leds.o [1]
LedSM_Idle              0x00083195   0x14a  Code  Lc  leds.o [1]
LedToggle               0x0008302b    0x2a  Code  Gb  leds.o [1]
Led_StateMachine        0x20002f74     0x4  Data  Lc  leds.o [1]
Led_asControl           0x20002c20    0x58  Data  Lc  leds.o [1]
MCI0_IrqHandler         0x00085345     0x2  Code  Wk  exceptions.o [1]
MemManage_Handler       0x0008336b     0x2  Code  Wk  exceptions.o [1]
MessagingInitialize     0x00082753    0xc8  Code  Gb  messaging.o [1]
MessagingRunActiveState
                        0x0008281b     0xa  Code  Gb  messaging.o [1]
MessagingSM_Idle        0x00082a05    0x1c  Code  Lc  messaging.o [1]
MessagingSM_Idle::u32CleaningTime
                        0x20000268     0x4  Data  Lc  messaging.o [1]
Messaging_pfnStateMachine
                        0x20002f8c     0x4  Data  Lc  messaging.o [1]
Msg_asPool              0x20001280  0x1200  Data  Lc  messaging.o [1]
Msg_asStatusQueue       0x20002480   0x300  Data  Lc  messaging.o [1]
Msg_psNextStatus        0x20002f94     0x4  Data  Lc  messaging.o [1]
Msg_u32Token            0x20002f90     0x4  Data  Lc  messaging.o [1]
Msg_u8QueuedMessageCount
                        0x20003029     0x1  Data  Lc  messaging.o [1]
NMI_Handler             0x00085333     0x2  Code  Wk  exceptions.o [1]
NVIC_ClearPendingIRQ    0x0008488f    0x16  Code  Lc  adc12.o [1]
NVIC_ClearPendingIRQ    0x00083e51    0x18  Code  Lc  buttons.o [1]
NVIC_ClearPendingIRQ    0x00084727    0x16  Code  Lc  interrupts.o [1]
NVIC_ClearPendingIRQ    0x000833b1    0x18  Code  Lc  sam3u_i2c.o [1]
NVIC_ClearPendingIRQ    0x00081a75    0x18  Code  Lc  sam3u_ssp.o [1]
NVIC_ClearPendingIRQ    0x00082a65    0x18  Code  Lc  sam3u_uart.o [1]
NVIC_ClearPendingIRQ    0x000849eb    0x16  Code  Lc  timer.o [1]
NVIC_DisableIRQ         0x00084711    0x16  Code  Lc  interrupts.o [1]
NVIC_EnableIRQ          0x00084879    0x16  Code  Lc  adc12.o [1]
NVIC_EnableIRQ          0x00083e39    0x18  Code  Lc  buttons.o [1]
NVIC_EnableIRQ          0x00083399    0x18  Code  Lc  sam3u_i2c.o [1]
NVIC_EnableIRQ          0x00081a5d    0x18  Code  Lc  sam3u_ssp.o [1]
NVIC_EnableIRQ          0x00082a4d    0x18  Code  Lc  sam3u_uart.o [1]
NVIC_EnableIRQ          0x000849d5    0x16  Code  Lc  timer.o [1]
PIOA_IrqHandler         0x000847af    0x38  Code  Gb  interrupts.o [1]
PIOB_IrqHandler         0x000847e7    0x38  Code  Gb  interrupts.o [1]
PIOC_IrqHandler         0x00085341     0x2  Code  Wk  exceptions.o [1]
PMC_IrqHandler          0x00085339     0x2  Code  Wk  exceptions.o [1]
PWMSetupAudio           0x00083c81    0x54  Code  Gb  eief1-pcb-01.o [1]
PWM_IrqHandler          0x0008534f     0x2  Code  Wk  exceptions.o [1]
PendSV_Handler          0x00084c17     0x2  Code  Wk  exceptions.o [1]
QueryMessageStatus      0x00082709    0x4a  Code  Gb  messaging.o [1]
QueueMessage            0x00082825   0x13a  Code  Gb  messaging.o [1]
RSTC_IrqHandler         0x00085117     0x2  Code  Wk  exceptions.o [1]
RTC_IrqHandler          0x0008513b     0x2  Code  Wk  exceptions.o [1]
RTT_IrqHandler          0x00085335     0x2  Code  Wk  exceptions.o [1]
Region$$Table$$Base     0x00084fa8           --   Gb  - Linker created -
Region$$Table$$Limit    0x00084fc8           --   Gb  - Linker created -
SPI0_IrqHandler         0x000841ed   0x13e  Code  Gb  sam3u_spi.o [1]
SPI_Peripheral0         0x20002dd0    0x2c  Data  Lc  sam3u_spi.o [1]
SPI_u32Flags            0x20002fb4     0x4  Data  Lc  sam3u_spi.o [1]
SSC0_IrqHandler         0x00085349     0x2  Code  Wk  exceptions.o [1]
SSP_Peripheral0         0x20002cf8    0x38  Data  Lc  sam3u_ssp.o [1]
SSP_Peripheral1         0x20002d30    0x38  Data  Lc  sam3u_ssp.o [1]
SSP_Peripheral2         0x20002d68    0x38  Data  Lc  sam3u_ssp.o [1]
SSP_psCurrentISR        0x20002fd0     0x4  Data  Lc  sam3u_ssp.o [1]
SSP_psCurrentSsp        0x20002fcc     0x4  Data  Lc  sam3u_ssp.o [1]
SSP_pu32SspApplicationFlagsISR
                        0x20002fd4     0x4  Data  Lc  sam3u_ssp.o [1]
SSP_u32AntCounter       0x20002fe0     0x4  Data  Lc  sam3u_ssp.o [1]
SSP_u32Flags            0x20002fc8     0x4  Data  Lc  sam3u_ssp.o [1]
SSP_u32Int1Count        0x20002fd8     0x4  Data  Lc  sam3u_ssp.o [1]
SSP_u32Int2Count        0x20002fdc     0x4  Data  Lc  sam3u_ssp.o [1]
SSP_u32RxCounter        0x20002fe4     0x4  Data  Lc  sam3u_ssp.o [1]
SSP_u8Dummies           0x2000302b     0x1  Data  Lc  sam3u_ssp.o [1]
SUPC_IrqHandler         0x00084c33     0x2  Code  Wk  exceptions.o [1]
SVC_Handler             0x00084acb     0x2  Code  Wk  exceptions.o [1]
SpiInitialize           0x00084195    0x4e  Code  Gb  sam3u_spi.o [1]
SpiRunActiveState       0x000841e3     0xa  Code  Gb  sam3u_spi.o [1]
SpiSM_Idle              0x0008432d    0xd8  Code  Lc  sam3u_spi.o [1]
Spi_pfnStateMachine     0x20002fb0     0x4  Data  Lc  sam3u_spi.o [1]
SspGenericHandler       0x00081df3   0x478  Code  Lc  sam3u_ssp.o [1]
SspInitialize           0x00081c33   0x10c  Code  Gb  sam3u_ssp.o [1]
SspManualMode           0x00081d4b    0x54  Code  Gb  sam3u_ssp.o [1]
SspRequest              0x00081a8d   0x16c  Code  Gb  sam3u_ssp.o [1]
SspRunActiveState       0x00081d3f     0xc  Code  Gb  sam3u_ssp.o [1]
SspSM_Idle              0x0008226d   0x1ec  Code  Lc  sam3u_ssp.o [1]
SspWriteData            0x00081bf9    0x3a  Code  Gb  sam3u_ssp.o [1]
Ssp_pfnStateMachine     0x20002fc4     0x4  Data  Lc  sam3u_ssp.o [1]
SysTickSetup            0x00083be3    0x22  Code  Gb  eief1-pcb-01.o [1]
SysTick_Handler         0x00084779    0x36  Code  Gb  interrupts.o [1]
SystemSleep             0x00083c4f    0x32  Code  Gb  eief1-pcb-01.o [1]
SystemStatusReport      0x00081397    0x6c  Code  Gb  debug.o [1]
SystemTimeCheck         0x00083c05    0x4a  Code  Gb  eief1-pcb-01.o [1]
SystemTimeCheck::u32PreviousSystemTick
                        0x20002f68     0x4  Data  Lc  eief1-pcb-01.o [1]
TC0_IrqHandler          0x0008534b     0x2  Code  Wk  exceptions.o [1]
TC1_IrqHandler          0x00084a61    0x22  Code  Gb  timer.o [1]
TC2_IrqHandler          0x0008534d     0x2  Code  Wk  exceptions.o [1]
TWI0_IrqHandler         0x0008363b    0xca  Code  Gb  sam3u_i2c.o [1]
TWI1_IrqHandler         0x00085347     0x2  Code  Wk  exceptions.o [1]
TWI_Peripheral0         0x20002edc     0xc  Data  Lc  sam3u_i2c.o [1]
TWI_asMessageBuffer     0x20002780   0x200  Data  Lc  sam3u_i2c.o [1]
TWI_pfnStateMachine     0x20002f98     0x4  Data  Lc  sam3u_i2c.o [1]
TWI_psMsgBufferCurrent  0x20002fa8     0x4  Data  Lc  sam3u_i2c.o [1]
TWI_psMsgBufferNext     0x20002fa4     0x4  Data  Lc  sam3u_i2c.o [1]
TWI_u32Flags            0x20002fa0     0x4  Data  Lc  sam3u_i2c.o [1]
TWI_u32Timer            0x20002f9c     0x4  Data  Lc  sam3u_i2c.o [1]
TWI_u8MsgQueueCount     0x2000302a     0x1  Data  Lc  sam3u_i2c.o [1]
TimerDefaultCallback    0x00084ac5     0x2  Code  Lc  timer.o [1]
TimerInitialize         0x00084a01    0x56  Code  Gb  timer.o [1]
TimerRunActiveState     0x00084a57     0xa  Code  Gb  timer.o [1]
TimerSM_Idle            0x00084ac9     0x2  Code  Lc  timer.o [1]
Timer_fpStateMachine    0x20003000     0x4  Data  Lc  timer.o [1]
Timer_fpTimer1Callback  0x20003004     0x4  Data  Lc  timer.o [1]
Timer_u32Timer1IntCounter
                        0x20003008     0x4  Data  Lc  timer.o [1]
TwiInitialize           0x000834b7   0x12a  Code  Gb  sam3u_i2c.o [1]
TwiManualMode           0x000835ed    0x4e  Code  Gb  sam3u_i2c.o [1]
TwiRunActiveState       0x000835e1     0xc  Code  Gb  sam3u_i2c.o [1]
TwiSM_Error             0x000839a9    0x60  Code  Lc  sam3u_i2c.o [1]
TwiSM_Idle              0x00083709   0x168  Code  Lc  sam3u_i2c.o [1]
TwiSM_NextTransferDelay
                        0x00083955    0x52  Code  Lc  sam3u_i2c.o [1]
TwiSM_PdcReceive        0x000838d9    0x26  Code  Lc  sam3u_i2c.o [1]
TwiSM_ReceiveComplete   0x0008392d    0x26  Code  Lc  sam3u_i2c.o [1]
TwiSM_ReceiveLastByte   0x00083901    0x2c  Code  Lc  sam3u_i2c.o [1]
TwiSM_Transmit          0x00083871    0x40  Code  Lc  sam3u_i2c.o [1]
TwiSM_TxWaitComplete    0x000838b1    0x26  Code  Lc  sam3u_i2c.o [1]
TwiWriteData            0x000833c9    0xee  Code  Gb  sam3u_i2c.o [1]
UDPD_IrqHandler         0x00085355     0x2  Code  Wk  exceptions.o [1]
USART0_IrqHandler       0x00082d39    0x18  Code  Gb  sam3u_uart.o [1]
USART1_IrqHandler       0x00081d9f    0x2a  Code  Gb  sam3u_ssp.o [1]
USART2_IrqHandler       0x00081dc9    0x2a  Code  Gb  sam3u_ssp.o [1]
USART3_IrqHandler       0x00085343     0x2  Code  Wk  exceptions.o [1]
UartGenericHandler      0x00082d51    0xf0  Code  Lc  sam3u_uart.o [1]
UartInitialize          0x00082bcf   0x108  Code  Gb  sam3u_uart.o [1]
UartManualMode          0x00082ce1    0x40  Code  Lc  sam3u_uart.o [1]
UartRequest             0x00082a7d    0xee  Code  Gb  sam3u_uart.o [1]
UartRunActiveState      0x00082cd7     0xa  Code  Gb  sam3u_uart.o [1]
UartSM_Idle             0x00082e41    0xec  Code  Lc  sam3u_uart.o [1]
UartWriteByte           0x00082b6b    0x30  Code  Gb  sam3u_uart.o [1]
UartWriteData           0x00082b9b    0x34  Code  Gb  sam3u_uart.o [1]
Uart_pfnStateMachine    0x20002fe8     0x4  Data  Lc  sam3u_uart.o [1]
Uart_psCurrentISR       0x20002ff4     0x4  Data  Lc  sam3u_uart.o [1]
Uart_psCurrentUart      0x20002ff0     0x4  Data  Lc  sam3u_uart.o [1]
Uart_sPeripheral        0x20002e20    0x24  Data  Lc  sam3u_uart.o [1]
Uart_sPeripheral0       0x20002e44    0x24  Data  Lc  sam3u_uart.o [1]
Uart_sPeripheral1       0x20002e68    0x24  Data  Lc  sam3u_uart.o [1]
Uart_sPeripheral2       0x20002e8c    0x24  Data  Lc  sam3u_uart.o [1]
Uart_u32Flags           0x20002fec     0x4  Data  Lc  sam3u_uart.o [1]
Uart_u32Int0Count       0x20002ffc     0x4  Data  Lc  sam3u_uart.o [1]
Uart_u32IntCount        0x20002ff8     0x4  Data  Lc  sam3u_uart.o [1]
Uart_u8ActiveUarts      0x2000302c     0x1  Data  Lc  sam3u_uart.o [1]
UpdateMessageStatus     0x000829b5    0x1c  Code  Gb  messaging.o [1]
UsageFault_Handler      0x000849d3     0x2  Code  Wk  exceptions.o [1]
UserApp1Initialize      0x0008447b    0x2a  Code  Gb  user_app1.o [1]
UserApp1RunActiveState  0x000844a5     0xa  Code  Gb  user_app1.o [1]
UserApp1SM_Idle         0x000844b1    0xde  Code  Lc  user_app1.o [1]
UserApp1SM_Idle::attempt
                        0x2000302e     0x1  Data  Lc  user_app1.o [1]
UserApp1SM_Idle::right  0x2000302d     0x1  Data  Lc  user_app1.o [1]
UserApp1_pfStateMachine
                        0x2000300c     0x4  Data  Lc  user_app1.o [1]
UserApp2Initialize      0x00084bfd     0xa  Code  Gb  user_app2.o [1]
UserApp2RunActiveState  0x00084c07     0xa  Code  Gb  user_app2.o [1]
UserApp2SM_Idle         0x00084c15     0x2  Code  Lc  user_app2.o [1]
UserApp2_pfStateMachine
                        0x20003010     0x4  Data  Lc  user_app2.o [1]
UserApp3Initialize      0x00084c19     0xa  Code  Gb  user_app3.o [1]
UserApp3RunActiveState  0x00084c23     0xa  Code  Gb  user_app3.o [1]
UserApp3SM_Idle         0x00084c31     0x2  Code  Lc  user_app3.o [1]
UserApp3_pfStateMachine
                        0x20003014     0x4  Data  Lc  user_app3.o [1]
WDT_IrqHandler          0x00085337     0x2  Code  Wk  exceptions.o [1]
WasButtonPressed        0x00083e69    0x1e  Code  Gb  buttons.o [1]
WatchDogSetup           0x00083a75     0x8  Code  Gb  eief1-pcb-01.o [1]
__ICFEDIT_intvec_start__ {Abs}
                        0x00080000          Data  Gb  command line/config [2]
__aeabi_memcpy          0x000824d5          Code  Gb  ABImemcpy.o [4]
__aeabi_memcpy4         0x000824f5          Code  Gb  ABImemcpy.o [4]
__aeabi_memcpy8         0x000824f5          Code  Gb  ABImemcpy.o [4]
__aeabi_memset          0x00083305          Code  Gb  ABImemset.o [4]
__basic_free            0x00082683    0x7e  Code  Gb  heap0.o [3]
__basic_malloc          0x000825e1    0xa2  Code  Gb  heap0.o [3]
__cmain                 0x000850fd          Code  Gb  cmain.o [4]
__data_GetMemChunk      0x0008336d    0x2c  Code  Gb  xgetmemchunk.o [3]
__data_GetMemChunk::start
                        0x20003018     0x4  Data  Lc  xgetmemchunk.o [3]
__exit                  0x0008513d    0x14  Code  Gb  exit.o [5]
__iar_Memset            0x00083305          Code  Gb  ABImemset.o [4]
__iar_Memset_word       0x0008330d          Code  Gb  ABImemset.o [4]
__iar_data_init3        0x00084d89    0x28  Code  Gb  data_init.o [4]
__iar_lz77_init_single3
                        0x0008122f    0x7a  Code  Gb  lz77_init_single.o [4]
__iar_program_start     0x0008531d          Code  Gb  cstartup_M.o [4]
__iar_systems$$module {Abs}
                        0x00000001          Data  Gb  command line/config [2]
__iar_zero_init3        0x00084d1d    0x40  Code  Gb  zero_init3.o [4]
__low_level_init        0x00085119    0x14  Code  Gb  board_cstartup_iar.o [1]
__vector_table          0x00080000    0xbc  Data  Gb  board_cstartup_iar.o [1]
_call_main              0x00085109          Code  Gb  cmain.o [4]
_exit                   0x00085131          Code  Gb  cexit.o [4]
_main                   0x00085113          Code  Gb  cmain.o [4]
exit                    0x0008512d     0x4  Code  Gb  exit.o [3]
free                    0x00082705     0x4  Code  Gb  heaptramp0.o [3]
main                    0x00084acd    0xec  Code  Gb  main.o [1]


[1] = C:\Github\EiE\firmware_ascii\iar_8_10_1\Debug\Obj
[2] = command line
[3] = dl7M_tln.a
[4] = rt7M_tl.a
[5] = shb_l.a

  19 556 bytes of readonly  code memory
   2 242 bytes of readonly  data memory
  28 715 bytes of readwrite data memory

Errors: none
Warnings: none
